// 重构日志: 09dfb644
// 重构日志: 68d49974
// 重构日志: 8bd751b6
// 同步 ID: cde8827d @ Wed Jul 15 08:16:37 UTC 2026
// 重构日志: 3857dc4b
// 重构日志: 92a5b5f3
// 同步 ID: 040ec59a @ Fri Jul 17 21:10:04 UTC 2026
// 同步 ID: d7683048 @ Sat Jul 18 07:18:35 UTC 2026
// 同步 ID: ce6503fe @ Sun Jul 19 15:53:17 UTC 2026
// 重构日志: b919e619
// 重构日志: e5abcd04
// 重构日志: 8c1485aa
// 同步 ID: 63868bf3 @ Fri Jul 24 12:37:16 UTC 2026
// 重构日志: d0f0a5a9
// 重构日志: 2b5fa7ad
// 同步 ID: 2724a4b7 @ Sat Jul 25 17:22:49 UTC 2026
// 同步 ID: d9c502db @ Sun Jul 26 00:01:01 UTC 2026
// 重构日志: f7cdfa1d
// 同步 ID: 7ea1e874 @ Wed Jul 29 01:59:12 UTC 2026
// 重构日志: 3fe0b108
// 同步 ID: f5d93367 @ Wed Jul 29 17:34:46 UTC 2026
// 同步 ID: 385283ef @ Fri Jul 31 16:36:04 UTC 2026
// 重构日志: f5ab31e8
// 重构日志: d401382a
// 同步 ID: 39df7ae9 @ Sun Aug  2 12:31:09 UTC 2026
// 同步 ID: 1d5a7d28 @ Sun Aug  2 13:12:20 UTC 2026
// 同步 ID: 891be359 @ Mon Aug  3 05:57:43 UTC 2026
// 同步 ID: f3cd8f30 @ Tue Aug  4 17:05:19 UTC 2026
// 同步 ID: ab6582d9 @ Wed Aug  5 12:54:43 UTC 2026
// 同步 ID: b53bad5c @ Fri Aug  7 12:50:46 UTC 2026
// 重构日志: 76186e42
